[ 33%] Built target DepthImageToLaserScan
[ 33%] Built target gtest
[ 50%] Built target gtest_main
[ 66%] Built target DepthImageToLaserScanROS
[ 83%] Built target depthimage_to_laserscan-test
[ 91%] [32mBuilding CXX object CMakeFiles/depthimage_to_laserscan_node.dir/src/depthimage_to_laserscan.cpp.o[0m
[100%] [32m[1mLinking CXX executable depthimage_to_laserscan_node[0m
[100%] Built target depthimage_to_laserscan_node
-- Install configuration: ""
-- Execute custom install script
-- Symlinking: /home/haadi/ROS2_Crash_Course/ros2_ws/src/install/depthimage_to_laserscan/include/depthimage_to_laserscan/depthimage_to_laserscan/DepthImageToLaserScan.hpp
-- Symlinking: /home/haadi/ROS2_Crash_Course/ros2_ws/src/install/depthimage_to_laserscan/include/depthimage_to_laserscan/depthimage_to_laserscan/DepthImageToLaserScanROS.hpp
-- Symlinking: /home/haadi/ROS2_Crash_Course/ros2_ws/src/install/depthimage_to_laserscan/include/depthimage_to_laserscan/depthimage_to_laserscan/depth_traits.hpp
-- Symlinking: /home/haadi/ROS2_Crash_Course/ros2_ws/src/install/depthimage_to_laserscan/share/depthimage_to_laserscan//launch/depthimage_to_laserscan-launch.py
-- Symlinking: /home/haadi/ROS2_Crash_Course/ros2_ws/src/install/depthimage_to_laserscan/share/depthimage_to_laserscan//launch/depthimage_to_laserscan_composed-launch.py
-- Symlinking: /home/haadi/ROS2_Crash_Course/ros2_ws/src/install/depthimage_to_laserscan/share/depthimage_to_laserscan//cfg/param.yaml
-- Symlinking: /home/haadi/ROS2_Crash_Course/ros2_ws/src/install/depthimage_to_laserscan/lib/depthimage_to_laserscan/depthimage_to_laserscan_node
-- Symlinking: /home/haadi/ROS2_Crash_Course/ros2_ws/src/install/depthimage_to_laserscan/include/depthimage_to_laserscan/depthimage_to_laserscan/DepthImageToLaserScan_export.h
-- Symlinking: /home/haadi/ROS2_Crash_Course/ros2_ws/src/install/depthimage_to_laserscan/include/depthimage_to_laserscan/depthimage_to_laserscan/DepthImageToLaserScanROS_export.h
-- Symlinking: /home/haadi/ROS2_Crash_Course/ros2_ws/src/install/depthimage_to_laserscan/share/depthimage_to_laserscan/environment/library_path.sh
-- Symlinking: /home/haadi/ROS2_Crash_Course/ros2_ws/src/install/depthimage_to_laserscan/share/depthimage_to_laserscan/environment/library_path.dsv
-- Symlinking: /home/haadi/ROS2_Crash_Course/ros2_ws/src/install/depthimage_to_laserscan/share/ament_index/resource_index/package_run_dependencies/depthimage_to_laserscan
-- Symlinking: /home/haadi/ROS2_Crash_Course/ros2_ws/src/install/depthimage_to_laserscan/share/ament_index/resource_index/parent_prefix_path/depthimage_to_laserscan
-- Symlinking: /home/haadi/ROS2_Crash_Course/ros2_ws/src/install/depthimage_to_laserscan/share/depthimage_to_laserscan/environment/ament_prefix_path.sh
-- Symlinking: /home/haadi/ROS2_Crash_Course/ros2_ws/src/install/depthimage_to_laserscan/share/depthimage_to_laserscan/environment/ament_prefix_path.dsv
-- Symlinking: /home/haadi/ROS2_Crash_Course/ros2_ws/src/install/depthimage_to_laserscan/share/depthimage_to_laserscan/environment/path.sh
-- Symlinking: /home/haadi/ROS2_Crash_Course/ros2_ws/src/install/depthimage_to_laserscan/share/depthimage_to_laserscan/environment/path.dsv
-- Symlinking: /home/haadi/ROS2_Crash_Course/ros2_ws/src/install/depthimage_to_laserscan/share/depthimage_to_laserscan/local_setup.bash
-- Symlinking: /home/haadi/ROS2_Crash_Course/ros2_ws/src/install/depthimage_to_laserscan/share/depthimage_to_laserscan/local_setup.sh
-- Symlinking: /home/haadi/ROS2_Crash_Course/ros2_ws/src/install/depthimage_to_laserscan/share/depthimage_to_laserscan/local_setup.zsh
-- Symlinking: /home/haadi/ROS2_Crash_Course/ros2_ws/src/install/depthimage_to_laserscan/share/depthimage_to_laserscan/local_setup.dsv
-- Symlinking: /home/haadi/ROS2_Crash_Course/ros2_ws/src/install/depthimage_to_laserscan/share/depthimage_to_laserscan/package.dsv
-- Symlinking: /home/haadi/ROS2_Crash_Course/ros2_ws/src/install/depthimage_to_laserscan/share/ament_index/resource_index/packages/depthimage_to_laserscan
-- Symlinking: /home/haadi/ROS2_Crash_Course/ros2_ws/src/install/depthimage_to_laserscan/share/ament_index/resource_index/rclcpp_components/depthimage_to_laserscan
-- Symlinking: /home/haadi/ROS2_Crash_Course/ros2_ws/src/install/depthimage_to_laserscan/share/depthimage_to_laserscan/cmake/ament_cmake_export_include_directories-extras.cmake
-- Symlinking: /home/haadi/ROS2_Crash_Course/ros2_ws/src/install/depthimage_to_laserscan/share/depthimage_to_laserscan/cmake/ament_cmake_export_libraries-extras.cmake
-- Symlinking: /home/haadi/ROS2_Crash_Course/ros2_ws/src/install/depthimage_to_laserscan/share/depthimage_to_laserscan/cmake/ament_cmake_export_targets-extras.cmake
-- Symlinking: /home/haadi/ROS2_Crash_Course/ros2_ws/src/install/depthimage_to_laserscan/share/depthimage_to_laserscan/cmake/ament_cmake_export_dependencies-extras.cmake
-- Symlinking: /home/haadi/ROS2_Crash_Course/ros2_ws/src/install/depthimage_to_laserscan/share/depthimage_to_laserscan/cmake/depthimage_to_laserscanConfig.cmake
-- Symlinking: /home/haadi/ROS2_Crash_Course/ros2_ws/src/install/depthimage_to_laserscan/share/depthimage_to_laserscan/cmake/depthimage_to_laserscanConfig-version.cmake
-- Symlinking: /home/haadi/ROS2_Crash_Course/ros2_ws/src/install/depthimage_to_laserscan/share/depthimage_to_laserscan/package.xml
-- Installing: /home/haadi/ROS2_Crash_Course/ros2_ws/src/install/depthimage_to_laserscan/lib/libDepthImageToLaserScan.so
-- Set non-toolchain portion of runtime path of "/home/haadi/ROS2_Crash_Course/ros2_ws/src/install/depthimage_to_laserscan/lib/libDepthImageToLaserScan.so" to ""
-- Installing: /home/haadi/ROS2_Crash_Course/ros2_ws/src/install/depthimage_to_laserscan/lib/libDepthImageToLaserScanROS.so
-- Set non-toolchain portion of runtime path of "/home/haadi/ROS2_Crash_Course/ros2_ws/src/install/depthimage_to_laserscan/lib/libDepthImageToLaserScanROS.so" to ""
-- Installing: /home/haadi/ROS2_Crash_Course/ros2_ws/src/install/depthimage_to_laserscan/share/depthimage_to_laserscan/cmake/export_depthimage_to_laserscanExport.cmake
-- Installing: /home/haadi/ROS2_Crash_Course/ros2_ws/src/install/depthimage_to_laserscan/share/depthimage_to_laserscan/cmake/export_depthimage_to_laserscanExport-noconfig.cmake
