[0.008s] Invoking command in '/home/haadi/ROS2_Crash_Course/ros2_ws/src/build/depthimage_to_laserscan': CMAKE_PREFIX_PATH=${CMAKE_PREFIX_PATH}:/opt/ros/jazzy DEBUGINFOD_URLS=https://debuginfod.ubuntu.com /usr/bin/cmake /home/haadi/ROS2_Crash_Course/ros2_ws/src/depthimage_to_laserscan -DAMENT_CMAKE_SYMLINK_INSTALL=1 -DCMAKE_INSTALL_PREFIX=/home/haadi/ROS2_Crash_Course/ros2_ws/src/install/depthimage_to_laserscan
[0.060s] -- The C compiler identification is GNU 13.3.0
[0.112s] -- The CXX compiler identification is GNU 13.3.0
[0.129s] -- Detecting C compiler ABI info
[0.220s] -- Detecting C compiler ABI info - done
[0.230s] -- Check for working C compiler: /usr/bin/cc - skipped
[0.230s] -- Detecting C compile features
[0.230s] -- Detecting C compile features - done
[0.241s] -- Detecting CXX compiler ABI info
[0.340s] -- Detecting CXX compiler ABI info - done
[0.346s] -- Check for working CXX compiler: /usr/bin/c++ - skipped
[0.346s] -- Detecting CXX compile features
[0.346s] -- Detecting CXX compile features - done
[0.349s] -- Found ament_cmake_ros: 0.12.0 (/opt/ros/jazzy/share/ament_cmake_ros/cmake)
[0.467s] -- Found Python3: /usr/bin/python3 (found version "3.12.3") found components: Interpreter 
[0.510s] -- Override CMake install command with custom implementation using symlinks instead of copying resources
[0.540s] -- Found image_geometry: 4.1.0 (/opt/ros/jazzy/share/image_geometry/cmake)
[0.576s] -- Found rosidl_generator_c: 4.6.7 (/opt/ros/jazzy/share/rosidl_generator_c/cmake)
[0.586s] -- Found rosidl_generator_cpp: 4.6.7 (/opt/ros/jazzy/share/rosidl_generator_cpp/cmake)
[0.598s] -- Using all available rosidl_typesupport_c: rosidl_typesupport_fastrtps_c;rosidl_typesupport_introspection_c
[0.611s] -- Using all available rosidl_typesupport_cpp: rosidl_typesupport_fastrtps_cpp;rosidl_typesupport_introspection_cpp
[0.664s] -- Found OpenCV: /usr/local (found version "4.14.0") found components: core 
[0.666s] -- Found rclcpp: 28.1.16 (/opt/ros/jazzy/share/rclcpp/cmake)
[0.699s] -- Found rmw_implementation_cmake: 7.3.3 (/opt/ros/jazzy/share/rmw_implementation_cmake/cmake)
[0.702s] -- Found rmw_fastrtps_cpp: 8.4.3 (/opt/ros/jazzy/share/rmw_fastrtps_cpp/cmake)
[0.780s] -- Found OpenSSL: /usr/lib/x86_64-linux-gnu/libcrypto.so (found version "3.0.13")  
[0.802s] -- Found FastRTPS: /opt/ros/jazzy/include (Required is at least version "2.13") 
[0.826s] -- Using RMW implementation 'rmw_fastrtps_cpp' as default
[0.876s] -- Found rclcpp_components: 28.1.16 (/opt/ros/jazzy/share/rclcpp_components/cmake)
[0.900s] -- Performing Test COMPILER_HAS_HIDDEN_VISIBILITY
[0.994s] -- Performing Test COMPILER_HAS_HIDDEN_VISIBILITY - Success
[0.994s] -- Performing Test COMPILER_HAS_HIDDEN_INLINE_VISIBILITY
[1.086s] -- Performing Test COMPILER_HAS_HIDDEN_INLINE_VISIBILITY - Success
[1.087s] -- Performing Test COMPILER_HAS_DEPRECATED_ATTR
[1.183s] -- Performing Test COMPILER_HAS_DEPRECATED_ATTR - Success
[1.190s] -- Found ament_lint_auto: 0.17.4 (/opt/ros/jazzy/share/ament_lint_auto/cmake)
[1.285s] -- Found gtest sources under '/opt/ros/jazzy/src/gtest_vendor': C++ tests using 'Google Test' will be built
[1.287s] -- Performing Test CMAKE_HAVE_LIBC_PTHREAD
[1.370s] -- Performing Test CMAKE_HAVE_LIBC_PTHREAD - Success
[1.371s] -- Found Threads: TRUE  
[1.376s] -- Added test 'copyright' to check source files copyright and LICENSE
[1.378s] -- Added test 'cppcheck' to perform static code analysis on C / C++ code
[1.378s] -- Configured cppcheck include dirs: $<BUILD_INTERFACE:/home/haadi/ROS2_Crash_Course/ros2_ws/src/depthimage_to_laserscan/include>
[1.378s] -- Configured cppcheck exclude dirs and/or files: 
[1.380s] -- Added test 'cpplint' to check C / C++ code against the Google style
[1.380s] -- Configured cpplint exclude dirs and/or files: 
[1.380s] -- Added test 'flake8' to check Python code syntax and style conventions
[1.380s] -- Configured 'flake8' exclude dirs and/or files: 
[1.381s] -- Added test 'lint_cmake' to check CMake code style
[1.381s] -- Added test 'pep257' to check Python code against some of the docstring style conventions in PEP 257
[1.383s] -- Added test 'uncrustify' to check C / C++ code style
[1.383s] -- Configured uncrustify additional arguments: 
[1.383s] -- Added test 'xmllint' to check XML markup files
[1.385s] -- Configuring done (1.4s)
[1.398s] -- Generating done (0.0s)
[1.402s] -- Build files have been written to: /home/haadi/ROS2_Crash_Course/ros2_ws/src/build/depthimage_to_laserscan
[1.410s] Invoked command in '/home/haadi/ROS2_Crash_Course/ros2_ws/src/build/depthimage_to_laserscan' returned '0': CMAKE_PREFIX_PATH=${CMAKE_PREFIX_PATH}:/opt/ros/jazzy DEBUGINFOD_URLS=https://debuginfod.ubuntu.com /usr/bin/cmake /home/haadi/ROS2_Crash_Course/ros2_ws/src/depthimage_to_laserscan -DAMENT_CMAKE_SYMLINK_INSTALL=1 -DCMAKE_INSTALL_PREFIX=/home/haadi/ROS2_Crash_Course/ros2_ws/src/install/depthimage_to_laserscan
[1.411s] Invoking command in '/home/haadi/ROS2_Crash_Course/ros2_ws/src/build/depthimage_to_laserscan': CMAKE_PREFIX_PATH=${CMAKE_PREFIX_PATH}:/opt/ros/jazzy DEBUGINFOD_URLS=https://debuginfod.ubuntu.com /usr/bin/cmake --build /home/haadi/ROS2_Crash_Course/ros2_ws/src/build/depthimage_to_laserscan
[1.462s] [ 16%] [32mBuilding CXX object CMakeFiles/DepthImageToLaserScan.dir/src/DepthImageToLaserScan.cpp.o[0m
[1.462s] [ 16%] [32mBuilding CXX object gtest/CMakeFiles/gtest_main.dir/src/gtest_main.cc.o[0m
[1.463s] [ 25%] [32mBuilding CXX object gtest/CMakeFiles/gtest.dir/src/gtest-all.cc.o[0m
[1.934s] [ 33%] [32m[1mLinking CXX static library libgtest_main.a[0m
[1.965s] [ 33%] Built target gtest_main
[2.780s] [ 41%] [32m[1mLinking CXX shared library libDepthImageToLaserScan.so[0m
[2.853s] [ 41%] Built target DepthImageToLaserScan
[2.870s] [ 50%] [32mBuilding CXX object CMakeFiles/DepthImageToLaserScanROS.dir/src/DepthImageToLaserScanROS.cpp.o[0m
[3.534s] [ 58%] [32m[1mLinking CXX static library libgtest.a[0m
[3.579s] [ 58%] Built target gtest
[3.597s] [ 66%] [32mBuilding CXX object CMakeFiles/depthimage_to_laserscan-test.dir/test/DepthImageToLaserScanTest.cpp.o[0m
[5.339s] [ 75%] [32m[1mLinking CXX executable depthimage_to_laserscan-test[0m
[5.460s] [ 75%] Built target depthimage_to_laserscan-test
[8.779s] [ 83%] [32m[1mLinking CXX shared library libDepthImageToLaserScanROS.so[0m
[8.994s] [ 83%] Built target DepthImageToLaserScanROS
[9.009s] [ 91%] [32mBuilding CXX object CMakeFiles/depthimage_to_laserscan_node.dir/src/depthimage_to_laserscan.cpp.o[0m
[9.722s] gmake[2]: *** [CMakeFiles/depthimage_to_laserscan_node.dir/build.make:76: CMakeFiles/depthimage_to_laserscan_node.dir/src/depthimage_to_laserscan.cpp.o] Interrupt
[9.722s] gmake[1]: *** [CMakeFiles/Makefile2:214: CMakeFiles/depthimage_to_laserscan_node.dir/all] Interrupt
[9.722s] gmake: *** [Makefile:146: all] Interrupt
[9.729s] Invoked command in '/home/haadi/ROS2_Crash_Course/ros2_ws/src/build/depthimage_to_laserscan' returned '-2': CMAKE_PREFIX_PATH=${CMAKE_PREFIX_PATH}:/opt/ros/jazzy DEBUGINFOD_URLS=https://debuginfod.ubuntu.com /usr/bin/cmake --build /home/haadi/ROS2_Crash_Course/ros2_ws/src/build/depthimage_to_laserscan
